chaco_data.f03:983.80:

                       wait_list, wait_len, time, ev_nums,psigmas,psigij,psigexj )
                                                                                1
Warning: Unused dummy argument 'psigexj' at (1)
chaco_data.f03:983.72:

                       wait_list, wait_len, time, ev_nums,psigmas,psigij,psigexj )
                                                                        1
Warning: Unused dummy argument 'psigij' at (1)
